[    0.000000] Linux version 4.15.0-72-generic (buildd@lcy01-amd64-026) (gcc version 7.4.0 (Ubuntu 7.4.0-1ubuntu1~18.04.1)) #81-Ubuntu SMP Tue Nov 26 12:20:02 UTC 2019 (Ubuntu 4.15.0-72.81-generic 4.15.18)
[    0.000000] Command line: BOOT_IMAGE=/boot/vmlinuz-4.15.0-72-generic root=LABEL=cloudimg-rootfs ro console=tty1 console=ttyS0
[    0.000000] KERNEL supported cpus:
[    0.000000]   Intel GenuineIntel
[    0.000000]   AMD AuthenticAMD
[    0.000000]   Centaur CentaurHauls
[    0.000000] x86/fpu: Supporting XSAVE feature 0x001: 'x87 floating point registers'
[    0.000000] x86/fpu: Supporting XSAVE feature 0x002: 'SSE registers'
[    0.000000] x86/fpu: Supporting XSAVE feature 0x004: 'AVX registers'
[    0.000000] x86/fpu: xstate_offset[2]:  576, xstate_sizes[2]:  256
[    0.000000] x86/fpu: Enabled xstate features 0x7, context size is 832 bytes, using 'standard' format.
[    0.000000] e820: BIOS-provided physical RAM map:
[    0.000000] BIOS-e820: [mem 0x0000000000000000-0x000000000009fbff] usable
[    0.000000] BIOS-e820: [mem 0x000000000009fc00-0x000000000009ffff] reserved
[    0.000000] BIOS-e820: [mem 0x00000000000f0000-0x00000000000fffff] reserved
[    0.000000] BIOS-e820: [mem 0x0000000000100000-0x000000003ffeffff] usable
[    0.000000] BIOS-e820: [mem 0x000000003fff0000-0x000000003fffffff] ACPI data
[    0.000000] BIOS-e820: [mem 0x00000000fec00000-0x00000000fec00fff] reserved
[    0.000000] BIOS-e820: [mem 0x00000000fee00000-0x00000000fee00fff] reserved
[    0.000000] BIOS-e820: [mem 0x00000000fffc0000-0x00000000ffffffff] reserved
[    0.000000] NX (Execute Disable) protection: active
[    0.000000] SMBIOS 2.5 present.
[    0.000000] DMI: innotek GmbH VirtualBox/VirtualBox, BIOS VirtualBox 12/01/2006
[    0.000000] Hypervisor detected: KVM
[    0.000000] e820: last_pfn = 0x3fff0 max_arch_pfn = 0x400000000
[    0.000000] MTRR: Disabled
[    0.000000] x86/PAT: MTRRs disabled, skipping PAT initialization too.
[    0.000000] CPU MTRRs all blank - virtualized system.
[    0.000000] x86/PAT: Configuration [0-7]: WB  WT  UC- UC  WB  WT  UC- UC  
[    0.000000] found SMP MP-table at [mem 0x0009fff0-0x0009ffff]
[    0.000000] Scanning 1 areas for low memory corruption
[    0.000000] RAMDISK: [mem 0x35a6d000-0x36d2dfff]
[    0.000000] ACPI: Early table checksum verification disabled
[    0.000000] ACPI: RSDP 0x00000000000E0000 000024 (v02 VBOX  )
[    0.000000] ACPI: XSDT 0x000000003FFF0030 00003C (v01 VBOX   VBOXXSDT 00000001 ASL  00000061)
[    0.000000] ACPI: FACP 0x000000003FFF00F0 0000F4 (v04 VBOX   VBOXFACP 00000001 ASL  00000061)
[    0.000000] ACPI: DSDT 0x000000003FFF0470 0022EA (v02 VBOX   VBOXBIOS 00000002 INTL 20100528)
[    0.000000] ACPI: FACS 0x000000003FFF0200 000040
[    0.000000] ACPI: FACS 0x000000003FFF0200 000040
[    0.000000] ACPI: APIC 0x000000003FFF0240 00005C (v02 VBOX   VBOXAPIC 00000001 ASL  00000061)
[    0.000000] ACPI: SSDT 0x000000003FFF02A0 0001CC (v01 VBOX   VBOXCPUT 00000002 INTL 20100528)
[    0.000000] No NUMA configuration found
[    0.000000] Faking a node at [mem 0x0000000000000000-0x000000003ffeffff]
[    0.000000] NODE_DATA(0) allocated [mem 0x3ffc5000-0x3ffeffff]
[    0.000000] kvm-clock: cpu 0, msr 0:3ff44001, primary cpu clock
[    0.000000] kvm-clock: Using msrs 4b564d01 and 4b564d00
[    0.000000] kvm-clock: using sched offset of 3816600127 cycles
[    0.000000] clocksource: kvm-clock: mask: 0xffffffffffffffff max_cycles: 0x1cd42e4dffb, max_idle_ns: 881590591483 ns
[    0.000000] Zone ranges:
[    0.000000]   DMA      [mem 0x0000000000001000-0x0000000000ffffff]
[    0.000000]   DMA32    [mem 0x0000000001000000-0x000000003ffeffff]
[    0.000000]   Normal   empty
[    0.000000]   Device   empty
[    0.000000] Movable zone start for each node
[    0.000000] Early memory node ranges
[    0.000000]   node   0: [mem 0x0000000000001000-0x000000000009efff]
[    0.000000]   node   0: [mem 0x0000000000100000-0x000000003ffeffff]
[    0.000000] Reserved but unavailable: 98 pages
[    0.000000] Initmem setup node 0 [mem 0x0000000000001000-0x000000003ffeffff]
[    0.000000] ACPI: PM-Timer IO Port: 0x4008
[    0.000000] IOAPIC[0]: apic_id 2, version 32, address 0xfec00000, GSI 0-23
[    0.000000] ACPI: INT_SRC_OVR (bus 0 bus_irq 0 global_irq 2 dfl dfl)
[    0.000000] ACPI: INT_SRC_OVR (bus 0 bus_irq 9 global_irq 9 low level)
[    0.000000] Using ACPI (MADT) for SMP configuration information
[    0.000000] smpboot: Allowing 2 CPUs, 0 hotplug CPUs
[    0.000000] PM: Registered nosave memory: [mem 0x00000000-0x00000fff]
[    0.000000] PM: Registered nosave memory: [mem 0x0009f000-0x0009ffff]
[    0.000000] PM: Registered nosave memory: [mem 0x000a0000-0x000effff]
[    0.000000] PM: Registered nosave memory: [mem 0x000f0000-0x000fffff]
[    0.000000] e820: [mem 0x40000000-0xfebfffff] available for PCI devices
[    0.000000] Booting paravirtualized kernel on KVM
[    0.000000] clocksource: refined-jiffies: mask: 0xffffffff max_cycles: 0xffffffff, max_idle_ns: 7645519600211568 ns
[    0.000000] random: get_random_bytes called from start_kernel+0x99/0x4fd with crng_init=0
[    0.000000] setup_percpu: NR_CPUS:8192 nr_cpumask_bits:2 nr_cpu_ids:2 nr_node_ids:1
[    0.000000] percpu: Embedded 45 pages/cpu s147456 r8192 d28672 u1048576
[    0.000000] PV qspinlock hash table entries: 256 (order: 0, 4096 bytes)
[    0.000000] Built 1 zonelists, mobility grouping on.  Total pages: 257913
[    0.000000] Policy zone: DMA32
[    0.000000] Kernel command line: BOOT_IMAGE=/boot/vmlinuz-4.15.0-72-generic root=LABEL=cloudimg-rootfs ro console=tty1 console=ttyS0
[    0.000000] Memory: 983392K/1048120K available (12300K kernel code, 2481K rwdata, 4264K rodata, 2428K init, 2388K bss, 64728K reserved, 0K cma-reserved)
[    0.000000] SLUB: HWalign=64, Order=0-3, MinObjects=0, CPUs=2, Nodes=1
[    0.000000] Kernel/User page tables isolation: enabled
[    0.000000] ftrace: allocating 39318 entries in 154 pages
[    0.004000] Hierarchical RCU implementation.
[    0.004000] 	RCU restricting CPUs from NR_CPUS=8192 to nr_cpu_ids=2.
[    0.004000] 	Tasks RCU enabled.
[    0.004000] RCU: Adjusting geometry for rcu_fanout_leaf=16, nr_cpu_ids=2
[    0.004000] NR_IRQS: 524544, nr_irqs: 440, preallocated irqs: 16
[    0.004000] Console: colour VGA+ 80x25
[    0.004000] console [tty1] enabled
[    0.004000] console [ttyS0] enabled
[    0.004000] ACPI: Core revision 20170831
[    0.004000] ACPI: 2 ACPI AML tables successfully acquired and loaded
[    0.004000] APIC: Switch to symmetric I/O mode setup
[    0.004000] x2apic enabled
[    0.004000] Switched APIC routing to physical x2apic.
[    0.004000] ..TIMER: vector=0x30 apic1=0 pin1=2 apic2=-1 pin2=-1
[    0.004004] tsc: Detected 2000.000 MHz processor
[    0.005173] Calibrating delay loop (skipped) preset value.. 4000.00 BogoMIPS (lpj=8000000)
[    0.008003] pid_max: default: 32768 minimum: 301
[    0.009204] Security Framework initialized
[    0.012004] Yama: becoming mindful.
[    0.012967] AppArmor: AppArmor initialized
[    0.015813] Dentry cache hash table entries: 131072 (order: 8, 1048576 bytes)
[    0.016078] Inode-cache hash table entries: 65536 (order: 7, 524288 bytes)
[    0.017771] Mount-cache hash table entries: 2048 (order: 2, 16384 bytes)
[    0.020007] Mountpoint-cache hash table entries: 2048 (order: 2, 16384 bytes)
[    0.022128] Last level iTLB entries: 4KB 1024, 2MB 1024, 4MB 1024
[    0.024003] Last level dTLB entries: 4KB 1024, 2MB 1024, 4MB 1024, 1GB 4
[    0.025630] Spectre V1 : Mitigation: usercopy/swapgs barriers and __user pointer sanitization
[    0.028003] Spectre V2 : Mitigation: Full generic retpoline
[    0.029375] Spectre V2 : Spectre v2 / SpectreRSB mitigation: Filling RSB on context switch
[    0.031410] Speculative Store Bypass: Vulnerable
[    0.032056] MDS: Mitigation: Clear CPU buffers
[    0.033430] Freeing SMP alternatives memory: 36K
[    0.146019] smpboot: CPU0: Intel(R) Core(TM) i5-4260U CPU @ 1.40GHz (family: 0x6, model: 0x45, stepping: 0x1)
[    0.148000] Performance Events: unsupported p6 CPU model 69 no PMU driver, software events only.
[    0.148042] Hierarchical SRCU implementation.
[    0.149877] NMI watchdog: Perf event create on CPU 0 failed with -2
[    0.152002] NMI watchdog: Perf NMI watchdog permanently disabled
[    0.153525] smp: Bringing up secondary CPUs ...
[    0.154771] x86: Booting SMP configuration:
[    0.156003] .... node  #0, CPUs:      #1
[    0.004000] kvm-clock: cpu 1, msr 0:3ff44041, secondary cpu clock
[    0.160034] smp: Brought up 1 node, 2 CPUs
[    0.161084] smpboot: Max logical packages: 1
[    0.162234] smpboot: Total of 2 processors activated (8000.00 BogoMIPS)
[    0.164167] devtmpfs: initialized
[    0.165000] x86/mm: Memory block size: 128MB
[    0.166249] evm: security.selinux
[    0.168004] evm: security.SMACK64
[    0.168985] evm: security.SMACK64EXEC
[    0.169943] evm: security.SMACK64TRANSMUTE
[    0.170990] evm: security.SMACK64MMAP
[    0.172004] evm: security.apparmor
[    0.172984] evm: security.ima
[    0.173793] evm: security.capability
[    0.174775] clocksource: jiffies: mask: 0xffffffff max_cycles: 0xffffffff, max_idle_ns: 7645041785100000 ns
[    0.176026] futex hash table entries: 512 (order: 3, 32768 bytes)
[    0.179275] pinctrl core: initialized pinctrl subsystem
[    0.180118] RTC time:  2:54:39, date: 01/05/20
[    0.184195] NET: Registered protocol family 16
[    0.185444] audit: initializing netlink subsys (disabled)
[    0.186819] audit: type=2000 audit(1578192884.847:1): state=initialized audit_enabled=0 res=1
[    0.188014] cpuidle: using governor ladder
[    0.189074] cpuidle: using governor menu
[    0.190159] ACPI: bus type PCI registered
[    0.192004] acpiphp: ACPI Hot Plug PCI Controller Driver version: 0.5
[    0.193677] PCI: Using configuration type 1 for base access
[    0.197114] HugeTLB registered 2.00 MiB page size, pre-allocated 0 pages
[    0.197724] ACPI: Added _OSI(Module Device)
[    0.200007] ACPI: Added _OSI(Processor Device)
[    0.201189] ACPI: Added _OSI(3.0 _SCP Extensions)
[    0.202389] ACPI: Added _OSI(Processor Aggregator Device)
[    0.204008] ACPI: Added _OSI(Linux-Dell-Video)
[    0.205228] ACPI: Added _OSI(Linux-Lenovo-NV-HDMI-Audio)
[    0.206549] ACPI: Added _OSI(Linux-HPI-Hybrid-Graphics)
[    0.208481] ACPI: Executed 1 blocks of module-level executable AML code
[    0.213958] ACPI: Interpreter enabled
[    0.214955] ACPI: (supports S0 S5)
[    0.216003] ACPI: Using IOAPIC for interrupt routing
[    0.217571] PCI: Using host bridge windows from ACPI; if necessary, use "pci=nocrs" and report a bug
[    0.220273] ACPI: Enabled 2 GPEs in block 00 to 07
[    0.229403] ACPI: PCI Root Bridge [PCI0] (domain 0000 [bus 00-ff])
[    0.230960] acpi PNP0A03:00: _OSC: OS supports [ASPM ClockPM Segments MSI]
[    0.232515] acpi PNP0A03:00: _OSC: not requesting OS control; OS requires [ExtendedConfig ASPM ClockPM MSI]
[    0.234921] acpi PNP0A03:00: fail to add MMCONFIG information, can't access extended PCI configuration space under this bridge.
[    0.236493] PCI host bridge to bus 0000:00
[    0.240006] pci_bus 0000:00: root bus resource [io  0x0000-0x0cf7 window]
[    0.241930] pci_bus 0000:00: root bus resource [io  0x0d00-0xffff window]
[    0.243570] pci_bus 0000:00: root bus resource [mem 0x000a0000-0x000bffff window]
[    0.244005] pci_bus 0000:00: root bus resource [mem 0x40000000-0xfdffffff window]
[    0.248004] pci_bus 0000:00: root bus resource [bus 00-ff]
[    0.253321] pci 0000:00:01.1: legacy IDE quirk: reg 0x10: [io  0x01f0-0x01f7]
[    0.255073] pci 0000:00:01.1: legacy IDE quirk: reg 0x14: [io  0x03f6]
[    0.256004] pci 0000:00:01.1: legacy IDE quirk: reg 0x18: [io  0x0170-0x0177]
[    0.257799] pci 0000:00:01.1: legacy IDE quirk: reg 0x1c: [io  0x0376]
[    0.284770] pci 0000:00:07.0: quirk: [io  0x4000-0x403f] claimed by PIIX4 ACPI
[    0.286694] pci 0000:00:07.0: quirk: [io  0x4100-0x410f] claimed by PIIX4 SMB
[    0.297652] ACPI: PCI Interrupt Link [LNKA] (IRQs 5 9 10 *11)
[    0.299508] ACPI: PCI Interrupt Link [LNKB] (IRQs 5 9 *10 11)
[    0.300169] ACPI: PCI Interrupt Link [LNKC] (IRQs 5 *9 10 11)
[    0.301848] ACPI: PCI Interrupt Link [LNKD] (IRQs 5 9 10 *11)
[    0.304409] SCSI subsystem initialized
[    0.305548] pci 0000:00:02.0: vgaarb: setting as boot VGA device
[    0.305560] pci 0000:00:02.0: vgaarb: VGA device added: decodes=io+mem,owns=io+mem,locks=none
[    0.308023] pci 0000:00:02.0: vgaarb: bridge control possible
[    0.309451] vgaarb: loaded
[    0.310225] ACPI: bus type USB registered
[    0.312034] usbcore: registered new interface driver usbfs
[    0.313406] usbcore: registered new interface driver hub
[    0.314777] usbcore: registered new device driver usb
[    0.316080] EDAC MC: Ver: 3.0.0
[    0.317215] PCI: Using ACPI for IRQ routing
[    0.320436] NetLabel: Initializing
[    0.321348] NetLabel:  domain hash size = 128
[    0.322729] NetLabel:  protocols = UNLABELED CIPSOv4 CALIPSO
[    0.324034] NetLabel:  unlabeled traffic allowed by default
[    0.325536] clocksource: Switched to clocksource kvm-clock
[    0.340595] VFS: Disk quotas dquot_6.6.0
[    0.341682] VFS: Dquot-cache hash table entries: 512 (order 0, 4096 bytes)
[    0.343486] AppArmor: AppArmor Filesystem Enabled
[    0.344759] pnp: PnP ACPI init
[    0.347101] pnp: PnP ACPI: found 3 devices
[    0.359960] clocksource: acpi_pm: mask: 0xffffff max_cycles: 0xffffff, max_idle_ns: 2085701024 ns
[    0.362310] NET: Registered protocol family 2
[    0.363618] TCP established hash table entries: 8192 (order: 4, 65536 bytes)
[    0.365470] TCP bind hash table entries: 8192 (order: 5, 131072 bytes)
[    0.368869] TCP: Hash tables configured (established 8192 bind 8192)
[    0.370792] UDP hash table entries: 512 (order: 2, 16384 bytes)
[    0.372249] UDP-Lite hash table entries: 512 (order: 2, 16384 bytes)
[    0.373884] NET: Registered protocol family 1
[    0.375064] pci 0000:00:00.0: Limiting direct PCI/PCI transfers
[    0.376619] pci 0000:00:01.0: Activating ISA DMA hang workarounds
[    0.378204] pci 0000:00:02.0: Video device with shadowed ROM at [mem 0x000c0000-0x000dffff]
[    0.380455] Unpacking initramfs...
[    0.754062] Freeing initrd memory: 19204K
[    0.755460] clocksource: tsc: mask: 0xffffffffffffffff max_cycles: 0x39a85c9bff6, max_idle_ns: 881590591483 ns
[    0.758200] platform rtc_cmos: registered platform RTC device (no PNP device found)
[    0.760267] Scanning for low memory corruption every 60 seconds
[    0.762921] Initialise system trusted keyrings
[    0.764090] Key type blacklist registered
[    0.765533] workingset: timestamp_bits=36 max_order=18 bucket_order=0
[    0.768216] zbud: loaded
[    0.769881] squashfs: version 4.0 (2009/01/31) Phillip Lougher
[    0.771676] fuse init (API version 7.26)
[    0.777393] Key type asymmetric registered
[    0.778487] Asymmetric key parser 'x509' registered
[    0.779864] Block layer SCSI generic (bsg) driver version 0.4 loaded (major 246)
[    0.781951] io scheduler noop registered
[    0.782999] io scheduler deadline registered
[    0.784153] io scheduler cfq registered (default)
[    0.786080] ACPI: AC Adapter [AC] (on-line)
[    0.787268] input: Power Button as /devices/LNXSYSTM:00/LNXPWRBN:00/input/input0
[    0.789386] ACPI: Power Button [PWRF]
[    0.790453] input: Sleep Button as /devices/LNXSYSTM:00/LNXSLPBN:00/input/input1
[    0.792307] ACPI: Sleep Button [SLPF]
[    0.793951] Serial: 8250/16550 driver, 32 ports, IRQ sharing enabled
[    0.817102] 00:02: ttyS0 at I/O 0x3f8 (irq = 4, base_baud = 115200) is a 16550A
[    0.827583] Linux agpgart interface v0.103
[    0.831726] loop: module loaded
[    0.833518] scsi host0: ata_piix
[    0.834755] scsi host1: ata_piix
[    0.835655] ata1: PATA max UDMA/33 cmd 0x1f0 ctl 0x3f6 bmdma 0xd000 irq 14
[    0.837620] ata2: PATA max UDMA/33 cmd 0x170 ctl 0x376 bmdma 0xd008 irq 15
[    0.840455] libphy: Fixed MDIO Bus: probed
[    0.841690] tun: Universal TUN/TAP device driver, 1.6
[    0.843211] PPP generic driver version 2.4.2
[    0.844630] ehci_hcd: USB 2.0 'Enhanced' Host Controller (EHCI) Driver
[    0.846305] ehci-pci: EHCI PCI platform driver
[    0.847788] ehci-platform: EHCI generic platform driver
[    0.849423] ohci_hcd: USB 1.1 'Open' Host Controller (OHCI) Driver
[    0.851001] ohci-pci: OHCI PCI platform driver
[    0.852153] ohci-platform: OHCI generic platform driver
[    0.853683] uhci_hcd: USB Universal Host Controller Interface driver
[    0.855324] i8042: PNP: PS/2 Controller [PNP0303:PS2K,PNP0f03:PS2M] at 0x60,0x64 irq 1,12
[    0.858598] serio: i8042 KBD port at 0x60,0x64 irq 1
[    0.860227] serio: i8042 AUX port at 0x60,0x64 irq 12
[    0.862443] mousedev: PS/2 mouse device common for all mice
[    0.865618] rtc_cmos rtc_cmos: rtc core: registered rtc_cmos as rtc0
[    0.867365] input: AT Translated Set 2 keyboard as /devices/platform/i8042/serio0/input/input2
[    0.868163] rtc_cmos rtc_cmos: alarms up to one day, 114 bytes nvram
[    0.879311] i2c /dev entries driver
[    0.880633] device-mapper: uevent: version 1.0.3
[    0.881870] device-mapper: ioctl: 4.37.0-ioctl (2017-09-20) initialised: dm-devel@redhat.com
[    0.884166] ledtrig-cpu: registered to indicate activity on CPUs
[    0.886753] NET: Registered protocol family 10
[    0.892951] Segment Routing with IPv6
[    0.893987] NET: Registered protocol family 17
[    0.895323] Key type dns_resolver registered
[    0.896814] mce: Using 0 MCE banks
[    0.897757] RAS: Correctable Errors collector initialized.
[    0.899212] sched_clock: Marking stable (896713943, 0)->(1093585964, -196872021)
[    0.901778] registered taskstats version 1
[    0.902855] Loading compiled-in X.509 certificates
[    0.907283] Loaded X.509 cert 'Build time autogenerated kernel key: f4f7241365689b0cbe3898188e65e316fd8f978d'
[    0.910156] zswap: loaded using pool lzo/zbud
[    0.916463] Key type big_key registered
[    0.917519] Key type trusted registered
[    0.920948] Key type encrypted registered
[    0.922040] AppArmor: AppArmor sha1 policy hashing enabled
[    0.923418] ima: No TPM chip found, activating TPM-bypass! (rc=-19)
[    0.925109] ima: Allocated hash algorithm: sha1
[    0.926331] evm: HMAC attrs: 0x1
[    0.927546]   Magic number: 4:443:914
[    0.928722] rtc_cmos rtc_cmos: setting system clock to 2020-01-05 02:54:39 UTC (1578192879)
[    0.931049] BIOS EDD facility v0.16 2004-Jun-25, 0 devices found
[    0.932664] EDD information not available.
[    1.004307] Freeing unused kernel image memory: 2428K
[    1.016454] Write protecting the kernel read-only data: 20480k
[    1.018898] Freeing unused kernel image memory: 2008K
[    1.020943] Freeing unused kernel image memory: 1880K
[    1.029057] x86/mm: Checked W+X mappings: passed, no W+X pages found.
[    1.030684] x86/mm: Checking user space page tables
[    1.038531] x86/mm: Checked W+X mappings: passed, no W+X pages found.
Loading, please wait...
starting version 237
[    1.145836] Fusion MPT base driver 3.04.20
[    1.148709] Copyright (c) 1999-2008 LSI Corporation
[    1.160908] e1000: Intel(R) PRO/1000 Network Driver - version 7.3.21-k8-NAPI
[    1.164860] e1000: Copyright (c) 1999-2006 Intel Corporation.
[    1.182540] AVX2 version of gcm_enc/dec engaged.
[    1.184497] AES CTR mode by8 optimization enabled
[    1.187465] Fusion MPT SPI Host driver 3.04.20
[    1.362613] input: ImExPS/2 Generic Explorer Mouse as /devices/platform/i8042/serio1/input/input4
[    1.610665] e1000 0000:00:03.0 eth0: (PCI:33MHz:32-bit) 02:b7:1f:33:e9:24
[    1.612453] e1000 0000:00:03.0 eth0: Intel(R) PRO/1000 Network Connection
[    1.615577] mptbase: ioc0: Initiating bringup
[    1.616683] e1000 0000:00:03.0 enp0s3: renamed from eth0
[    1.804590] ioc0: LSI53C1030 A0: Capabilities={Initiator}
[    3.080935] scsi host2: ioc0: LSI53C1030 A0, FwRev=00000000h, Ports=1, MaxQ=256, IRQ=20
[    3.946639] scsi 2:0:0:0: Direct-Access     VBOX     HARDDISK         1.0  PQ: 0 ANSI: 5
[    3.984224] scsi target2:0:0: Beginning Domain Validation
[    3.990256] scsi target2:0:0: Domain Validation skipping write tests
[    3.993016] scsi target2:0:0: Ending Domain Validation
[    3.995242] scsi target2:0:0: asynchronous
[    3.998050] scsi 2:0:1:0: Direct-Access     VBOX     HARDDISK         1.0  PQ: 0 ANSI: 5
[    4.032150] scsi target2:0:1: Beginning Domain Validation
[    4.038844] random: fast init done
[    4.041535] scsi target2:0:1: Domain Validation skipping write tests
[    4.045351] scsi target2:0:1: Ending Domain Validation
[    4.048004] scsi target2:0:1: asynchronous
[    4.063579] random: systemd-udevd: uninitialized urandom read (16 bytes read)
[    4.063731] sd 2:0:0:0: Attached scsi generic sg0 type 0
[    4.068774] random: systemd-udevd: uninitialized urandom read (16 bytes read)
[    4.073167] sd 2:0:1:0: Attached scsi generic sg1 type 0
[    4.076558] random: systemd-udevd: uninitialized urandom read (16 bytes read)
[    4.085495] sd 2:0:0:0: [sda] 20971520 512-byte logical blocks: (10.7 GB/10.0 GiB)
[    4.090882] sd 2:0:1:0: [sdb] 20480 512-byte logical blocks: (10.5 MB/10.0 MiB)
[    4.091944] sd 2:0:0:0: [sda] Write Protect is off
[    4.102587] sd 2:0:1:0: [sdb] Write Protect is off
[    4.103092] sd 2:0:0:0: [sda] Incomplete mode parameter data
[    4.110630] sd 2:0:0:0: [sda] Assuming drive cache: write through
[    4.115025] sd 2:0:1:0: [sdb] Incomplete mode parameter data
[    4.118289] sd 2:0:1:0: [sdb] Assuming drive cache: write through
[    4.122315]  sda: sda1
[    4.124799] sd 2:0:0:0: [sda] Attached SCSI disk
[    4.128998] sd 2:0:1:0: [sdb] Attached SCSI disk
Begin: Loading essential drivers ... [    5.688283] raid6: sse2x1   gen()  8884 MB/s
[    5.736299] raid6: sse2x1   xor()  6293 MB/s
[    5.784269] raid6: sse2x2   gen() 10599 MB/s
[    5.832121] raid6: sse2x2   xor()  6759 MB/s
[    5.880070] raid6: sse2x4   gen() 12349 MB/s
[    5.928178] raid6: sse2x4   xor()  7577 MB/s
[    5.976115] raid6: avx2x1   gen() 17271 MB/s
[    6.024335] raid6: avx2x1   xor() 11688 MB/s
[    6.072281] raid6: avx2x2   gen() 20404 MB/s
[    6.120139] raid6: avx2x2   xor() 12341 MB/s
[    6.168324] raid6: avx2x4   gen() 22661 MB/s
[    6.216252] raid6: avx2x4   xor() 14966 MB/s
[    6.217376] raid6: using algorithm avx2x4 gen() 22661 MB/s
[    6.218762] raid6: .... xor() 14966 MB/s, rmw enabled
[    6.220296] raid6: using avx2x2 recovery algorithm
[    6.223206] xor: automatically using best checksumming function   avx       
[    6.226746] async_tx: api initialized (async)
done.
Begin: Running /scripts/init-premount ... done.
Begin: Mounting root file system ... Begin: Running /scripts/local-top ... done.
Begin: Running /scripts/local-premount ... [    6.285333] Btrfs loaded, crc32c=crc32c-intel
Scanning for Btrfs filesystems
done.
Warning: fsck not present, so skipping root file system
[    6.337854] EXT4-fs (sda1): mounted filesystem with ordered data mode. Opts: (null)
done.
Begin: Running /scripts/local-bottom ... done.
Begin: Running /scripts/init-bottom ... done.
[    6.531350] ip_tables: (C) 2000-2006 Netfilter Core Team
[    6.545633] systemd[1]: systemd 237 running in system mode. (+PAM +AUDIT +SELINUX +IMA +APPARMOR +SMACK +SYSVINIT +UTMP +LIBCRYPTSETUP +GCRYPT +GNUTLS +ACL +XZ +LZ4 +SECCOMP +BLKID +ELFUTILS +KMOD -IDN2 +IDN -PCRE2 default-hierarchy=hybrid)
[    6.551290] systemd[1]: Detected virtualization oracle.
[    6.552677] systemd[1]: Detected architecture x86-64.

Welcome to [1mUbuntu 18.04.3 LTS[0m!

[    6.563132] systemd[1]: Set hostname to <ubuntu>.
[    6.570028] systemd[1]: Initializing machine ID from random generator.
[    6.571733] systemd[1]: Installed transient /etc/machine-id file.
[    6.800135] systemd[1]: Reached target User and Group Name Lookups.
[[0;32m  OK  [0m] Reached target User and Group Name Lookups.
[    6.803274] systemd[1]: Started Forward Password Requests to Wall Directory Watch.
[[0;32m  OK  [0m] Started Forward Password Requests to Wall Directory Watch.
[    6.809971] systemd[1]: Created slice System Slice.
[[0;32m  OK  [0m] Created slice System Slice.
[    6.812330] systemd[1]: Listening on Syslog Socket.
[[0;32m  OK  [0m] Listening on Syslog Socket.
[[0;32m  OK  [0m] Listening on Network Service Netlink Socket.
[[0;32m  OK  [0m] Listening on LVM2 poll daemon socket.
[[0;32m  OK  [0m] Reached target Swap.
[[0;32m  OK  [0m] Listening on Journal Audit Socket.
[[0;32m  OK  [0m] Created slice system-serial\x2dgetty.slice.
[[0;32m  OK  [0m] Listening on Journal Socket (/dev/log).
[[0;32m  OK  [0m] Listening on udev Control Socket.
[[0;32m  OK  [0m] Listening on Device-mapper event daemon FIFOs.
[[0;32m  OK  [0m] Set up automount Arbitrary Executabâ€¦rmats File System Automount Point.
[[0;32m  OK  [0m] Created slice User and Session Slice.
[[0;32m  OK  [0m] Listening on Journal Socket.
         Starting Set the console keyboard layout...
         Mounting POSIX Message Queue File System...
         Starting Create list of required stâ€¦ce nodes for the current kernel...
         Starting Uncomplicated firewall...
         Starting Load Kernel Modules...
         Mounting Huge Pages File System...
[[0;32m  OK  [0m] Listening on LVM2 metadata daemon socket.
         Starting Monitoring of LVM2 mirrorsâ€¦ng dmeventd or progress polling...
[[0;32m  OK  [0m] Reached target Slices.
         Starting Remount Root and Kernel File Systems...
         Mounting Kernel Debug File System...
         Starting Journal Service...
[[0;32m  OK  [0m] Reached target System Time Synchronized.
[[0;32m  OK  [0m] Listening on udev Kernel Socket.
         Starting udev Coldplug all Devices...
[[0;32m  OK  [0m] Listening on /dev/initctl Compatibility Named Pipe.
[[0;32m  OK  [0m] Mounted POSIX Message Queue File System.
[[0;32m  OK  [0m] Started Create list of required staâ€¦vice nodes for the current kernel.
[[0;32m  OK  [0m] Started Uncomplicated firewall.
[[0;32m  OK  [0m] Mounted Huge Pages File System.
[[0;32m  OK  [0m] Mounted Kernel Debug File System.
         Starting Create Static Device Nodes in /dev...
[    6.906128] EXT4-fs (sda1): re-mounted. Opts: (null)
[[0;32m  OK  [0m] Started Remount Root and Kernel File Systems.
[    6.918979] Loading iSCSI transport class v2.0-870.
[    6.925904] iscsi: registered transport (tcp)
[    6.941973] iscsi: registered transport (iser)
         Starting Load/Save Random Seed...
[[0;32m  OK  [0m] Started Journal Service.
[[0;32m  OK  [0m] Started Load Kernel Modules.
[[0;32m  OK  [0m] Started Create Static Device Nodes in /dev.
[[0;32m  OK  [0m] Started LVM2 metadata daemon.
         Starting udev Kernel Device Manager...
         Mounting FUSE Control File System...
         Mounting Kernel Configuration File System...
         Starting Apply Kernel Variables...
         Starting Flush Journal to Persistent Storage...
[[0;32m  OK  [0m] Started Load/Save Random Seed.
[[0;32m  OK  [0m] Mounted FUSE Control File System.
[[0;32m  OK  [0m] Mounted Kernel Configuration File System.
[[0;32m  OK  [0m] Started udev Kernel Device Manager.
[[0;32m  OK  [0m] Started Monitoring of LVM2 mirrors,â€¦sing dmeventd or progress polling.
[[0;32m  OK  [0m] Started Apply Kernel Variables.
[[0;32m  OK  [0m] Started udev Coldplug all Devices.
[[0;32m  OK  [0m] Started Flush Journal to Persistent Storage.
[[0;32m  OK  [0m] Started Set the console keyboard layout.
[[0;32m  OK  [0m] Started Dispatch Password Requests to Console Directory Watch.
[[0;32m  OK  [0m] Reached target Local Encrypted Volumes.
[[0;32m  OK  [0m] Reached target Local File Systems (Pre).
[[0;32m  OK  [0m] Reached target Local File Systems.
         Starting Tell Plymouth To Write Out Runtime Data...
         Starting ebtables ruleset management...
         Starting Set console font and keymap...
         Starting AppArmor initialization...
         Starting Create Volatile Files and Directories...
         Starting Commit a transient machine-id on disk...
[[0;32m  OK  [0m] Started Tell Plymouth To Write Out Runtime Data.
[[0;32m  OK  [0m] Started Set console font and keymap.
[[0;32m  OK  [0m] Started Create Volatile Files and Directories.
         Starting Update UTMP about System Boot/Shutdown...
[[0;32m  OK  [0m] Started Update UTMP about System Boot/Shutdown.
[[0;32m  OK  [0m] Started Commit a transient machine-id on disk.
[[0;32m  OK  [0m] Started ebtables ruleset management.
[[0;32m  OK  [0m] Found device /dev/ttyS0.
[[0;32m  OK  [0m] Listening on Load/Save RF Kill Switch Status /dev/rfkill Watch.
[[0;32m  OK  [0m] Started AppArmor initialization.
         Starting Initial cloud-init job (pre-networking)...
[    9.502185] cloud-init[542]: Cloud-init v. 19.3-41-gc4735dd3-0ubuntu1~18.04.1 running 'init-local' at Sun, 05 Jan 2020 02:54:47 +0000. Up 9.10 seconds.
[[0;32m  OK  [0m] Started Initial cloud-init job (pre-networking).
[[0;32m  OK  [0m] Reached target Network (Pre).
         Starting Network Service...
[[0;32m  OK  [0m] Started Network Service.
         Starting Network Name Resolution...
         Starting Wait for Network to be Configured...
[[0;32m  OK  [0m] Started Network Name Resolution.
[[0;32m  OK  [0m] Reached target Host and Network Name Lookups.
[[0;32m  OK  [0m] Reached target Network.
[[0;32m  OK  [0m] Started Wait for Network to be Configured.
         Starting Initial cloud-init job (metadata service crawler)...
[   11.721327] cloud-init[645]: Cloud-init v. 19.3-41-gc4735dd3-0ubuntu1~18.04.1 running 'init' at Sun, 05 Jan 2020 02:54:50 +0000. Up 11.55 seconds.
[   11.725610] cloud-init[645]: ci-info: ++++++++++++++++++++++++++++++++++++++Net device info++++++++++++++++++++++++++++++++++++++
[   11.729023] cloud-init[645]: ci-info: +--------+------+----------------------------+---------------+--------+-------------------+
[   11.732259] cloud-init[645]: ci-info: | Device |  Up  |          Address           |      Mask     | Scope  |     Hw-Address    |
[   11.735219] cloud-init[645]: ci-info: +--------+------+----------------------------+---------------+--------+-------------------+
[   11.738545] cloud-init[645]: ci-info: | enp0s3 | True |         10.0.2.15          | 255.255.255.0 | global | 02:b7:1f:33:e9:24 |
[   11.742030] cloud-init[645]: ci-info: | enp0s3 | True | fe80::b7:1fff:fe33:e924/64 |       .       |  link  | 02:b7:1f:33:e9:24 |
[   11.744419] cloud-init[645]: ci-info: |   lo   | True |         127.0.0.1          |   255.0.0.0   |  host  |         .         |
[   11.746754] cloud-init[645]: ci-info: |   lo   | True |          ::1/128           |       .       |  host  |         .         |
[   11.749118] cloud-init[645]: ci-info: +--------+------+----------------------------+---------------+--------+-------------------+
[   11.751458] cloud-init[645]: ci-info: ++++++++++++++++++++++++++++Route IPv4 info+++++++++++++++++++++++++++++
[   11.753473] cloud-init[645]: ci-info: +-------+-------------+----------+-----------------+-----------+-------+
[   11.755618] cloud-init[645]: ci-info: | Route | Destination | Gateway  |     Genmask     | Interface | Flags |
[   11.757672] cloud-init[645]: ci-info: +-------+-------------+----------+-----------------+-----------+-------+
[   11.759833] cloud-init[645]: ci-info: |   0   |   0.0.0.0   | 10.0.2.2 |     0.0.0.0     |   enp0s3  |   UG  |
[   11.761884] cloud-init[645]: ci-info: |   1   |   10.0.2.0  | 0.0.0.0  |  255.255.255.0  |   enp0s3  |   U   |
[   11.763932] cloud-init[645]: ci-info: |   2   |   10.0.2.2  | 0.0.0.0  | 255.255.255.255 |   enp0s3  |   UH  |
[   11.766139] cloud-init[645]: ci-info: +-------+-------------+----------+-----------------+-----------+-------+
[   11.768215] cloud-init[645]: ci-info: +++++++++++++++++++Route IPv6 info+++++++++++++++++++
[   11.770662] cloud-init[645]: ci-info: +-------+-------------+---------+-----------+-------+
[   11.773052] cloud-init[645]: ci-info: | Route | Destination | Gateway | Interface | Flags |
[   11.775338] cloud-init[645]: ci-info: +-------+-------------+---------+-----------+-------+
[   11.777715] cloud-init[645]: ci-info: |   1   |  fe80::/64  |    ::   |   enp0s3  |   U   |
[   11.780033] cloud-init[645]: ci-info: |   3   |    local    |    ::   |   enp0s3  |   U   |
[   11.782344] cloud-init[645]: ci-info: |   4   |   ff00::/8  |    ::   |   enp0s3  |   U   |
[   11.783984] cloud-init[645]: ci-info: +-------+-------------+---------+-----------+-------+
[   13.211546] cloud-init[645]: Generating public/private rsa key pair.
[   13.213411] cloud-init[645]: Your identification has been saved in /etc/ssh/ssh_host_rsa_key.
[   13.215204] cloud-init[645]: Your public key has been saved in /etc/ssh/ssh_host_rsa_key.pub.
[   13.217063] cloud-init[645]: The key fingerprint is:
[   13.232599] cloud-init[645]: SHA256:dr4Sw/D7LrEe1iYsw2qqTKNyZnGv1j1Ep788wDXV5Lc root@ubuntu-bionic
[   13.235937] cloud-init[645]: The key's randomart image is:
[   13.238330] cloud-init[645]: +---[RSA 2048]----+
[   13.240141] cloud-init[645]: |             o.  |
[   13.241925] cloud-init[645]: |            ...  |
[   13.243558] cloud-init[645]: |           .  . .|
[   13.245244] cloud-init[645]: |      . . +    ..|
[   13.246674] cloud-init[645]: |       *S+..   E |
[   13.248319] cloud-init[645]: |  . .. o@+       |
[   13.250201] cloud-init[645]: | o o o+o=O+      |
[   13.251617] cloud-init[645]: |= = o.o+B=o.     |
[   13.253183] cloud-init[645]: |+*.+o. ..**o     |
[   13.254662] cloud-init[645]: +----[SHA256]-----+
[   13.256785] cloud-init[645]: Generating public/private dsa key pair.
[   13.260000] cloud-init[645]: Your identification has been saved in /etc/ssh/ssh_host_dsa_key.
[   13.264416] cloud-init[645]: Your public key has been saved in /etc/ssh/ssh_host_dsa_key.pub.
[   13.267132] cloud-init[645]: The key fingerprint is:
[   13.280506] cloud-init[645]: SHA256:HJJXYJknh/jS8yHxCqpCzc5dy2s7GROAysqSH2xyQnM root@ubuntu-bionic
[   13.284039] cloud-init[645]: The key's randomart image is:
[   13.286658] cloud-init[645]: +---[DSA 1024]----+
[   13.305196] cloud-init[645]: |    .  .o=.      |
[   13.307581] cloud-init[645]: |   . ..o*.o      |
[   13.311574] cloud-init[645]: |. .   +oo*       |
[   13.324857] cloud-init[645]: | = E  o==.o      |
[   13.327421] cloud-init[645]: |+o=  . oS= .     |
[   13.330039] cloud-init[645]: |*o=o.  +. .      |
[   13.331744] cloud-init[645]: |o*oo. o =        |
[   13.334385] cloud-init[645]: |. oo . *         |
[   13.336583] cloud-init[645]: | .    .o+        |
[   13.352676] cloud-init[645]: +----[SHA256]-----+
[   13.354626] cloud-init[645]: Generating public/private ecdsa key pair.
[   13.364702] cloud-init[645]: Your identification has been saved in /etc/ssh/ssh_host_ecdsa_key.
[   13.376850] cloud-init[645]: Your public key has been saved in /etc/ssh/ssh_host_ecdsa_key.pub.
[   13.388674] cloud-init[645]: The key fingerprint is:
[   13.391566] cloud-init[645]: SHA256:Ck9eWL4v+ktcT8JF+ZR+wvlHc9478iru/eN1m7JzjDI root@ubuntu-bionic
[   13.409180] cloud-init[645]: The key's randomart image is:
[   13.410721] cloud-init[645]: +---[ECDSA 256]---+
[   13.420598] cloud-init[645]: |            .. . |
[   13.422201] cloud-init[645]: |           .. o  |
[   13.423805] cloud-init[645]: |        .   .= . |
[   13.425417] cloud-init[645]: |       + . .  *.+|
[   13.426973] cloud-init[645]: |    . o S + .  *+|
[   13.428619] cloud-init[645]: |     = + o +    =|
[   13.430158] cloud-init[645]: |      + +   . o =|
[   13.432342] cloud-init[645]: |       ... E.= *=|
[   13.434531] cloud-init[645]: |      .ooo+o++@*o|
[   13.435909] cloud-init[645]: +----[SHA256]-----+
[   13.437524] cloud-init[645]: Generating public/private ed25519 key pair.
[   13.448405] cloud-init[645]: Your identification has been saved in /etc/ssh/ssh_host_ed25519_key.
[   13.450826] cloud-init[645]: Your public key has been saved in /etc/ssh/ssh_host_ed25519_key.pub.
[   13.453700] cloud-init[645]: The key fingerprint is:
[   13.455420] cloud-init[645]: SHA256:opm7fctgxMiANuA7x14Ha7fSxKgukuL3+3EmWM4yJ6M root@ubuntu-bionic
[   13.458287] cloud-init[645]: The key's randomart image is:
[   13.460108] cloud-init[645]: +--[ED25519 256]--+
[[   13.472794] cloud-init[645]: |.                |
[   13.473060] cloud-init[645]: |o.               |
[   13.475660] cloud-init[645]: [0;32m  OK  [0m|.+.  .           |] 
Started Initial cloud-init job (metadata service crawler).
[   13.481097] cloud-init[645]: |. +o o=          |
[   13.483340] cloud-init[645]: | o oo=+*S        |
[   13.485140] cloud-init[645]: |  + +=X..        |
[   13.487465] cloud-init[645]: | . o+BoO o       |
[[0;32m  OK  [0m[   13.489976] cloud-init[645]: |+....+Bo*        |
[   13.490668] cloud-init[645]: |+.oE+++oo.       |
[   13.492390] cloud-init[645]: +----[SHA256]-----+
] Reached target System Initialization.
[[0;32m  OK  [0m] Started Daily apt download activities.
[[0;32m  OK  [0m] Listening on UUID daemon activation socket.
         Starting LXD - unix socket.
[[0;32m  OK  [0m] Started Daily Cleanup of Temporary Directories.
[[0;32m  OK  [0m] Listening on ACPID Listen Socket.
         Starting Socket activation for snappy daemon.
[[0;32m  OK  [0m] Listening on D-Bus System Message Bus Socket.
[[0;32m  OK  [0m] Started Discard unused blocks once a week.
[[0;32m  OK  [0m] Started Daily apt upgrade and clean activities.
[[0;32m  OK  [0m] Started ACPI Events Check.
[[0;32m  OK  [0m] Reached target Paths.
[[0;32m  OK  [0m] Listening on Open-iSCSI iscsid Socket.
[[0;32m  OK  [0m] Started Message of the Day.
[[0;32m  OK  [0m] Reached target Timers.
[[0;32m  OK  [0m] Reached target Cloud-config availability.
[[0;32m  OK  [0m] Reached target Network is Online.
[[0;32m  OK  [0m] Reached target Remote File Systems (Pre).
[[0;32m  OK  [0m] Reached target Remote File Systems.
         Starting Availability of block devices...
[[0;32m  OK  [0m] Listening on LXD - unix socket.
[[0;32m  OK  [0m] Listening on Socket activation for snappy daemon.
[[0;32m  OK  [0m] Reached target Sockets.
[[0;32m  OK  [0m] Reached target Basic System.
         Starting Snappy daemon...
         Starting Accounts Service...
         Starting Login Service...
[[0;32m  OK  [0m] Started irqbalance daemon.
         Starting Pollinate to seed the pseudo random number generator...
         Starting System Logging Service...
[[0;32m  OK  [0m] Started D-Bus System Message Bus.
[[0;32m  OK  [0m] Started Login Service.
         Starting LSB: Record successful boot for GRUB...
         Starting Dispatcher daemon for systemd-networkd...
         Starting Virtualbox guest utils...
[[0;32m  OK  [0m] Started Deferred execution scheduler.
         Starting Permit User Sessions...
         Starting LSB: automatic crash report generation...
         Starting LXD - container startup/shutdown...
[[0;32m  OK  [0m] Started FUSE filesystem for LXC.
[[0;32m  OK  [0m] Started Regular background program processing daemon.
[[0;32m  OK  [0m] Started Unattended Upgrades Shutdown.
[[0;32m  OK  [0m] Started System Logging Service.
[[0;32m  OK  [0m] Started Availability of block devices.
[[0;32m  OK  [0m] Started Permit User Sessions.
         Starting Authorization Manager...
         Starting Hold until boot process finishes up...
         Starting Terminate Plymouth Boot Screen...
[[0;32m  OK  [0m] Started Hold until boot process finishes up.
[[0;32m  OK  [0m] Started Serial Getty on ttyS0.
         Starting Set console scheme...
[[0;32m  OK  [0m] Started Terminate Plymouth Boot Screen.
[[0;32m  OK  [0m] Started Set console scheme.
[[0;32m  OK  [0m] Created slice system-getty.slice.
[[0;32m  OK  [0m] Started Getty on tty1.
[[0;32m  OK  [0m] Reached target Login Prompts.
[[0;32m  OK  [0m] Started LSB: automatic crash report generation.
[[0;32m  OK  [0m] Started LXD - container startup/shutdown.
[[0;32m  OK  [0m] Started LSB: Record successful boot for GRUB.
[[0;32m  OK  [0m] Started Authorization Manager.
[[0;32m  OK  [0m] Started Accounts Service.
[[0;32m  OK  [0m] Started Virtualbox guest utils.
[[0;32m  OK  [0m] Started Snappy daemon.
         Starting Wait until snapd is fully seeded...
[[0;32m  OK  [0m] Started Dispatcher daemon for systemd-networkd.
[[0;32m  OK  [0m] Started Pollinate to seed the pseudo random number generator.
         Starting OpenBSD Secure Shell server...
[[0;32m  OK  [0m] Started OpenBSD Secure Shell server.
[[0;32m  OK  [0m] Created slice User Slice of vagrant.
         Starting User Manager for UID 1000...
[[0;32m  OK  [0m] Started Session 1 of user vagrant.
[[0;32m  OK  [0m] Started User Manager for UID 1000.

Ubuntu 18.04.3 LTS ubuntu-bionic ttyS0

ubuntu-bionic login: [   20.965073] cloud-init[1318]: Cloud-init v. 19.3-41-gc4735dd3-0ubuntu1~18.04.1 running 'modules:config' at Sun, 05 Jan 2020 02:54:58 +0000. Up 20.38 seconds.
ci-info: no authorized ssh keys fingerprints found for user ubuntu.
<14>Jan  5 02:55:00 ec2: 
<14>Jan  5 02:55:00 ec2: #############################################################
<14>Jan  5 02:55:00 ec2: -----BEGIN SSH HOST KEY FINGERPRINTS-----
<14>Jan  5 02:55:00 ec2: 1024 SHA256:HJJXYJknh/jS8yHxCqpCzc5dy2s7GROAysqSH2xyQnM root@ubuntu-bionic (DSA)
<14>Jan  5 02:55:00 ec2: 256 SHA256:Ck9eWL4v+ktcT8JF+ZR+wvlHc9478iru/eN1m7JzjDI root@ubuntu-bionic (ECDSA)
<14>Jan  5 02:55:00 ec2: 256 SHA256:opm7fctgxMiANuA7x14Ha7fSxKgukuL3+3EmWM4yJ6M root@ubuntu-bionic (ED25519)
<14>Jan  5 02:55:00 ec2: 2048 SHA256:dr4Sw/D7LrEe1iYsw2qqTKNyZnGv1j1Ep788wDXV5Lc root@ubuntu-bionic (RSA)
<14>Jan  5 02:55:00 ec2: -----END SSH HOST KEY FINGERPRINTS-----
<14>Jan  5 02:55:00 ec2: #############################################################
-----BEGIN SSH HOST KEY KEYS-----
ecdsa-sha2-nistp256 AAAAE2VjZHNhLXNoYTItbmlzdHAyNTYAAAAIbmlzdHAyNTYAAABBBKkbrAKGFp+jd4YXEcKdcxMzLN0XAfknBWQocVAi8NJytplm5MeZfurdfnc/vmJhi8oMzOFhtk2JDga8jdaCgwk= root@ubuntu-bionic
ssh-ed25519 AAAAC3NzaC1lZDI1NTE5AAAAIFRP2xFF6X63ug29OSJWgrvVNQXhDP+b99XzBVt+T02W root@ubuntu-bionic
ssh-rsa AAAAB3NzaC1yc2EAAAADAQABAAABAQDSlzTj/b0TXxQSZodPZkCTFYIUQtDpHmQEGBL4aHi3yFo1eFWEpE1WMhqVul+hMcV2wOOX41K+cPTDzM/VVJDwIWuHiMhgG5cXdNnafRwUEafDdM3NvF44dRlyG5lEG9SQ0yUDVlo9LlPUGiR58Ct9x1x7/9aHTcxu4AfASkkCFDrUFdrUaKMQ+t5h42yMdJs5YYeNYc5Lliq4PfFKHZoxwx37NopxFTUS99ZKPT5NRxfOpHgPgnheBrYwNSMy2gZF/vR20j+zPC0/2n4LqTvwZcb2eiI5OBsRScTtRUr3VfmUY0D5in4N2jqOv95MvM3Yj6tyaKvxjcedkGz3STgd root@ubuntu-bionic
-----END SSH HOST KEY KEYS-----
[   21.806706] cloud-init[1464]: Cloud-init v. 19.3-41-gc4735dd3-0ubuntu1~18.04.1 running 'modules:final' at Sun, 05 Jan 2020 02:55:00 +0000. Up 21.56 seconds.
[   21.806845] cloud-init[1464]: ci-info: no authorized ssh keys fingerprints found for user ubuntu.
[   21.810447] cloud-init[1464]: Cloud-init v. 19.3-41-gc4735dd3-0ubuntu1~18.04.1 finished at Sun, 05 Jan 2020 02:55:00 +0000. Datasource DataSourceNoCloud [seed=/dev/sdb][dsmode=net].  Up 21.79 seconds
